Archive member included to satisfy reference by file (symbol)

c:/program files (x86)/atmel/studio/7.0/toolchain/avr8/avr8-gnu-toolchain/bin/../lib/gcc/avr/5.4.0/avr5\libgcc.a(_mulsi3.o)
                              MCAL/UART/UART.o (__mulsi3)
c:/program files (x86)/atmel/studio/7.0/toolchain/avr8/avr8-gnu-toolchain/bin/../lib/gcc/avr/5.4.0/avr5\libgcc.a(_divmodhi4.o)
                              MCAL/DIO/DIO.o (__divmodhi4)
c:/program files (x86)/atmel/studio/7.0/toolchain/avr8/avr8-gnu-toolchain/bin/../lib/gcc/avr/5.4.0/avr5\libgcc.a(_udivmodsi4.o)
                              MCAL/UART/UART.o (__udivmodsi4)
c:/program files (x86)/atmel/studio/7.0/toolchain/avr8/avr8-gnu-toolchain/bin/../lib/gcc/avr/5.4.0/avr5\libgcc.a(_exit.o)
                              C:/Program Files (x86)/Atmel/Studio/7.0/Packs/atmel/ATmega_DFP/1.3.300/gcc/dev/atmega32/avr5/crtatmega32.o (exit)
c:/program files (x86)/atmel/studio/7.0/toolchain/avr8/avr8-gnu-toolchain/bin/../lib/gcc/avr/5.4.0/avr5\libgcc.a(_tablejump2.o)
                              MCAL/SPI/SPI.o (__tablejump2__)
c:/program files (x86)/atmel/studio/7.0/toolchain/avr8/avr8-gnu-toolchain/bin/../lib/gcc/avr/5.4.0/avr5\libgcc.a(_copy_data.o)
                              main.o (__do_copy_data)
c:/program files (x86)/atmel/studio/7.0/toolchain/avr8/avr8-gnu-toolchain/bin/../lib/gcc/avr/5.4.0/avr5\libgcc.a(_clear_bss.o)
                              MCAL/SPI/SPI.o (__do_clear_bss)
c:/program files (x86)/atmel/studio/7.0/toolchain/avr8/avr8-gnu-toolchain/bin/../lib/gcc/avr/5.4.0/avr5\libgcc.a(_muluhisi3.o)
                              COMMON/SoftwareDelay.o (__muluhisi3)
c:/program files (x86)/atmel/studio/7.0/toolchain/avr8/avr8-gnu-toolchain/bin/../lib/gcc/avr/5.4.0/avr5\libgcc.a(_udivmodhi4.o)
                              c:/program files (x86)/atmel/studio/7.0/toolchain/avr8/avr8-gnu-toolchain/bin/../lib/gcc/avr/5.4.0/avr5\libgcc.a(_divmodhi4.o) (__udivmodhi4)
c:/program files (x86)/atmel/studio/7.0/toolchain/avr8/avr8-gnu-toolchain/bin/../lib/gcc/avr/5.4.0/avr5\libgcc.a(_umulhisi3.o)
                              c:/program files (x86)/atmel/studio/7.0/toolchain/avr8/avr8-gnu-toolchain/bin/../lib/gcc/avr/5.4.0/avr5\libgcc.a(_muluhisi3.o) (__umulhisi3)

Allocating common symbols
Common symbol       size              file

gu8_SM_Tx           0x1               ServiceLayer/BCM.o
gstr_Buffer_Send_Info
                    0x6               ServiceLayer/BCM.o
gu16_Buffer_Receive_Size
                    0x2               ServiceLayer/BCM.o
gstr_UART_cfgs      0x10              ServiceLayer/BCM.o
gu8_Receive_ID      0x1               ServiceLayer/BCM.o
gstr_Buffer_Receive_Info
                    0x6               ServiceLayer/BCM.o
gstr_BCM_Send_info  0x5               ServiceLayer/BCM.o
gstr_BCM_Receive_info
                    0x5               ServiceLayer/BCM.o
gu8_SM_Rx           0x1               ServiceLayer/BCM.o
gastr_TMU_TasksDataBase
                    0x14              ServiceLayer/TMU.o

Discarded input sections

 .data          0x00000000        0x0 C:/Program Files (x86)/Atmel/Studio/7.0/Packs/atmel/ATmega_DFP/1.3.300/gcc/dev/atmega32/avr5/crtatmega32.o
 .bss           0x00000000        0x0 C:/Program Files (x86)/Atmel/Studio/7.0/Packs/atmel/ATmega_DFP/1.3.300/gcc/dev/atmega32/avr5/crtatmega32.o
 .text          0x00000000        0x0 Application/Application.o
 .data          0x00000000        0x0 Application/Application.o
 .bss           0x00000000        0x0 Application/Application.o
 .debug_line    0x00000000        0x0 Application/Application.o
 .debug_str     0x00000000      0x111 Application/Application.o
 .comment       0x00000000       0x31 Application/Application.o
 .text          0x00000000        0x0 COMMON/SoftwareDelay.o
 .data          0x00000000        0x0 COMMON/SoftwareDelay.o
 .bss           0x00000000        0x0 COMMON/SoftwareDelay.o
 .text.SwDelay_ms
                0x00000000       0x34 COMMON/SoftwareDelay.o
 .debug_info    0x00000000       0xaf COMMON/SoftwareDelay.o
 .debug_abbrev  0x00000000       0x78 COMMON/SoftwareDelay.o
 .debug_loc     0x00000000       0x5e COMMON/SoftwareDelay.o
 .debug_aranges
                0x00000000       0x20 COMMON/SoftwareDelay.o
 .debug_ranges  0x00000000       0x10 COMMON/SoftwareDelay.o
 .debug_line    0x00000000       0x70 COMMON/SoftwareDelay.o
 .debug_str     0x00000000      0x18d COMMON/SoftwareDelay.o
 .comment       0x00000000       0x31 COMMON/SoftwareDelay.o
 .debug_frame   0x00000000       0x24 COMMON/SoftwareDelay.o
 .text          0x00000000        0x0 main.o
 .data          0x00000000        0x0 main.o
 .bss           0x00000000        0x0 main.o
 .text          0x00000000        0x0 MCAL/DIO/DIO.o
 .data          0x00000000        0x0 MCAL/DIO/DIO.o
 .bss           0x00000000        0x0 MCAL/DIO/DIO.o
 .text.DIO_Write
                0x00000000       0x9c MCAL/DIO/DIO.o
 .text.DIO_Read
                0x00000000       0x66 MCAL/DIO/DIO.o
 .text          0x00000000        0x0 MCAL/Sleep/Sleep.o
 .data          0x00000000        0x0 MCAL/Sleep/Sleep.o
 .bss           0x00000000        0x0 MCAL/Sleep/Sleep.o
 .text          0x00000000        0x0 MCAL/SPI/SPI.o
 .data          0x00000000        0x0 MCAL/SPI/SPI.o
 .bss           0x00000000        0x0 MCAL/SPI/SPI.o
 .text.SPI_Init
                0x00000000      0x1b0 MCAL/SPI/SPI.o
 .progmem.gcc_sw_table.SPI_Init
                0x00000000        0xe MCAL/SPI/SPI.o
 .text.SPI_SendByte
                0x00000000       0x34 MCAL/SPI/SPI.o
 .text.SPI_ReceiveByte
                0x00000000       0x28 MCAL/SPI/SPI.o
 .text.SPI_GetStatus
                0x00000000       0x22 MCAL/SPI/SPI.o
 .bss.SPI_InitializationCheck
                0x00000000        0x1 MCAL/SPI/SPI.o
 .text          0x00000000        0x0 MCAL/Timer/Timer.o
 .data          0x00000000        0x0 MCAL/Timer/Timer.o
 .bss           0x00000000        0x0 MCAL/Timer/Timer.o
 .text.Timer_Stop
                0x00000000       0x34 MCAL/Timer/Timer.o
 .text.Timer_GetStatus
                0x00000000       0x3c MCAL/Timer/Timer.o
 .text.Timer_GetValue
                0x00000000       0x3a MCAL/Timer/Timer.o
 .text          0x00000000        0x0 MCAL/UART/UART.o
 .data          0x00000000        0x0 MCAL/UART/UART.o
 .bss           0x00000000        0x0 MCAL/UART/UART.o
 .text.UART_Deinit
                0x00000000       0x24 MCAL/UART/UART.o
 .text.UART_SendByte
                0x00000000       0x22 MCAL/UART/UART.o
 .text          0x00000000        0x0 ServiceLayer/BCM.o
 .data          0x00000000        0x0 ServiceLayer/BCM.o
 .bss           0x00000000        0x0 ServiceLayer/BCM.o
 .text.BCM_Send
                0x00000000       0x70 ServiceLayer/BCM.o
 .text.BCM_TxDispatcher
                0x00000000      0x11c ServiceLayer/BCM.o
 .text.BCM_RxUnlock
                0x00000000       0x1e ServiceLayer/BCM.o
 .bss.gu8_SEND_SM
                0x00000000        0x1 ServiceLayer/BCM.o
 .text          0x00000000        0x0 ServiceLayer/BCM_lcfg.o
 .data          0x00000000        0x0 ServiceLayer/BCM_lcfg.o
 .bss           0x00000000        0x0 ServiceLayer/BCM_lcfg.o
 .text          0x00000000        0x0 ServiceLayer/TMU.o
 .data          0x00000000        0x0 ServiceLayer/TMU.o
 .bss           0x00000000        0x0 ServiceLayer/TMU.o
 .text.TMU_DeInit
                0x00000000       0x52 ServiceLayer/TMU.o
 .text          0x00000000        0x0 ServiceLayer/TMU_lcfg.o
 .data          0x00000000        0x0 ServiceLayer/TMU_lcfg.o
 .bss           0x00000000        0x0 ServiceLayer/TMU_lcfg.o
 .text          0x00000000        0x0 c:/program files (x86)/atmel/studio/7.0/toolchain/avr8/avr8-gnu-toolchain/bin/../lib/gcc/avr/5.4.0/avr5\libgcc.a(_mulsi3.o)
 .data          0x00000000        0x0 c:/program files (x86)/atmel/studio/7.0/toolchain/avr8/avr8-gnu-toolchain/bin/../lib/gcc/avr/5.4.0/avr5\libgcc.a(_mulsi3.o)
 .bss           0x00000000        0x0 c:/program files (x86)/atmel/studio/7.0/toolchain/avr8/avr8-gnu-toolchain/bin/../lib/gcc/avr/5.4.0/avr5\libgcc.a(_mulsi3.o)
 .text.libgcc.div
                0x00000000        0x0 c:/program files (x86)/atmel/studio/7.0/toolchain/avr8/avr8-gnu-toolchain/bin/../lib/gcc/avr/5.4.0/avr5\libgcc.a(_mulsi3.o)
 .text.libgcc   0x00000000        0x0 c:/program files (x86)/atmel/studio/7.0/toolchain/avr8/avr8-gnu-toolchain/bin/../lib/gcc/avr/5.4.0/avr5\libgcc.a(_mulsi3.o)
 .text.libgcc.prologue
                0x00000000        0x0 c:/program files (x86)/atmel/studio/7.0/toolchain/avr8/avr8-gnu-toolchain/bin/../lib/gcc/avr/5.4.0/avr5\libgcc.a(_mulsi3.o)
 .text.libgcc.builtins
                0x00000000        0x0 c:/program files (x86)/atmel/studio/7.0/toolchain/avr8/avr8-gnu-toolchain/bin/../lib/gcc/avr/5.4.0/avr5\libgcc.a(_mulsi3.o)
 .text.libgcc.fmul
                0x00000000        0x0 c:/program files (x86)/atmel/studio/7.0/toolchain/avr8/avr8-gnu-toolchain/bin/../lib/gcc/avr/5.4.0/avr5\libgcc.a(_mulsi3.o)
 .text.libgcc.fixed
                0x00000000        0x0 c:/program files (x86)/atmel/studio/7.0/toolchain/avr8/avr8-gnu-toolchain/bin/../lib/gcc/avr/5.4.0/avr5\libgcc.a(_mulsi3.o)
 .text          0x00000000        0x0 c:/program files (x86)/atmel/studio/7.0/toolchain/avr8/avr8-gnu-toolchain/bin/../lib/gcc/avr/5.4.0/avr5\libgcc.a(_divmodhi4.o)
 .data          0x00000000        0x0 c:/program files (x86)/atmel/studio/7.0/toolchain/avr8/avr8-gnu-toolchain/bin/../lib/gcc/avr/5.4.0/avr5\libgcc.a(_divmodhi4.o)
 .bss           0x00000000        0x0 c:/program files (x86)/atmel/studio/7.0/toolchain/avr8/avr8-gnu-toolchain/bin/../lib/gcc/avr/5.4.0/avr5\libgcc.a(_divmodhi4.o)
 .text.libgcc.mul
                0x00000000        0x0 c:/program files (x86)/atmel/studio/7.0/toolchain/avr8/avr8-gnu-toolchain/bin/../lib/gcc/avr/5.4.0/avr5\libgcc.a(_divmodhi4.o)
 .text.libgcc.div
                0x00000000       0x28 c:/program files (x86)/atmel/studio/7.0/toolchain/avr8/avr8-gnu-toolchain/bin/../lib/gcc/avr/5.4.0/avr5\libgcc.a(_divmodhi4.o)
 .text.libgcc   0x00000000        0x0 c:/program files (x86)/atmel/studio/7.0/toolchain/avr8/avr8-gnu-toolchain/bin/../lib/gcc/avr/5.4.0/avr5\libgcc.a(_divmodhi4.o)
 .text.libgcc.prologue
                0x00000000        0x0 c:/program files (x86)/atmel/studio/7.0/toolchain/avr8/avr8-gnu-toolchain/bin/../lib/gcc/avr/5.4.0/avr5\libgcc.a(_divmodhi4.o)
 .text.libgcc.builtins
                0x00000000        0x0 c:/program files (x86)/atmel/studio/7.0/toolchain/avr8/avr8-gnu-toolchain/bin/../lib/gcc/avr/5.4.0/avr5\libgcc.a(_divmodhi4.o)
 .text.libgcc.fmul
                0x00000000        0x0 c:/program files (x86)/atmel/studio/7.0/toolchain/avr8/avr8-gnu-toolchain/bin/../lib/gcc/avr/5.4.0/avr5\libgcc.a(_divmodhi4.o)
 .text.libgcc.fixed
                0x00000000        0x0 c:/program files (x86)/atmel/studio/7.0/toolchain/avr8/avr8-gnu-toolchain/bin/../lib/gcc/avr/5.4.0/avr5\libgcc.a(_divmodhi4.o)
 .text          0x00000000        0x0 c:/program files (x86)/atmel/studio/7.0/toolchain/avr8/avr8-gnu-toolchain/bin/../lib/gcc/avr/5.4.0/avr5\libgcc.a(_udivmodsi4.o)
 .data          0x00000000        0x0 c:/program files (x86)/atmel/studio/7.0/toolchain/avr8/avr8-gnu-toolchain/bin/../lib/gcc/avr/5.4.0/avr5\libgcc.a(_udivmodsi4.o)
 .bss           0x00000000        0x0 c:/program files (x86)/atmel/studio/7.0/toolchain/avr8/avr8-gnu-toolchain/bin/../lib/gcc/avr/5.4.0/avr5\libgcc.a(_udivmodsi4.o)
 .text.libgcc.mul
                0x00000000        0x0 c:/program files (x86)/atmel/studio/7.0/toolchain/avr8/avr8-gnu-toolchain/bin/../lib/gcc/avr/5.4.0/avr5\libgcc.a(_udivmodsi4.o)
 .text.libgcc   0x00000000        0x0 c:/program files (x86)/atmel/studio/7.0/toolchain/avr8/avr8-gnu-toolchain/bin/../lib/gcc/avr/5.4.0/avr5\libgcc.a(_udivmodsi4.o)
 .text.libgcc.prologue
                0x00000000        0x0 c:/program files (x86)/atmel/studio/7.0/toolchain/avr8/avr8-gnu-toolchain/bin/../lib/gcc/avr/5.4.0/avr5\libgcc.a(_udivmodsi4.o)
 .text.libgcc.builtins
                0x00000000        0x0 c:/program files (x86)/atmel/studio/7.0/toolchain/avr8/avr8-gnu-toolchain/bin/../lib/gcc/avr/5.4.0/avr5\libgcc.a(_udivmodsi4.o)
 .text.libgcc.fmul
                0x00000000        0x0 c:/program files (x86)/atmel/studio/7.0/toolchain/avr8/avr8-gnu-toolchain/bin/../lib/gcc/avr/5.4.0/avr5\libgcc.a(_udivmodsi4.o)
 .text.libgcc.fixed
                0x00000000        0x0 c:/program files (x86)/atmel/studio/7.0/toolchain/avr8/avr8-gnu-toolchain/bin/../lib/gcc/avr/5.4.0/avr5\libgcc.a(_udivmodsi4.o)
 .text          0x00000000        0x0 c:/program files (x86)/atmel/studio/7.0/toolchain/avr8/avr8-gnu-toolchain/bin/../lib/gcc/avr/5.4.0/avr5\libgcc.a(_exit.o)
 .data          0x00000000        0x0 c:/program files (x86)/atmel/studio/7.0/toolchain/avr8/avr8-gnu-toolchain/bin/../lib/gcc/avr/5.4.0/avr5\libgcc.a(_exit.o)
 .bss           0x00000000        0x0 c:/program files (x86)/atmel/studio/7.0/toolchain/avr8/avr8-gnu-toolchain/bin/../lib/gcc/avr/5.4.0/avr5\libgcc.a(_exit.o)
 .text.libgcc.mul
                0x00000000        0x0 c:/program files (x86)/atmel/studio/7.0/toolchain/avr8/avr8-gnu-toolchain/bin/../lib/gcc/avr/5.4.0/avr5\libgcc.a(_exit.o)
 .text.libgcc.div
                0x00000000        0x0 c:/program files (x86)/atmel/studio/7.0/toolchain/avr8/avr8-gnu-toolchain/bin/../lib/gcc/avr/5.4.0/avr5\libgcc.a(_exit.o)
 .text.libgcc   0x00000000        0x0 c:/program files (x86)/atmel/studio/7.0/toolchain/avr8/avr8-gnu-toolchain/bin/../lib/gcc/avr/5.4.0/avr5\libgcc.a(_exit.o)
 .text.libgcc.prologue
                0x00000000        0x0 c:/program files (x86)/atmel/studio/7.0/toolchain/avr8/avr8-gnu-toolchain/bin/../lib/gcc/avr/5.4.0/avr5\libgcc.a(_exit.o)
 .text.libgcc.builtins
                0x00000000        0x0 c:/program files (x86)/atmel/studio/7.0/toolchain/avr8/avr8-gnu-toolchain/bin/../lib/gcc/avr/5.4.0/avr5\libgcc.a(_exit.o)
 .text.libgcc.fmul
                0x00000000        0x0 c:/program files (x86)/atmel/studio/7.0/toolchain/avr8/avr8-gnu-toolchain/bin/../lib/gcc/avr/5.4.0/avr5\libgcc.a(_exit.o)
 .text.libgcc.fixed
                0x00000000        0x0 c:/program files (x86)/atmel/studio/7.0/toolchain/avr8/avr8-gnu-toolchain/bin/../lib/gcc/avr/5.4.0/avr5\libgcc.a(_exit.o)
 .text          0x00000000        0x0 c:/program files (x86)/atmel/studio/7.0/toolchain/avr8/avr8-gnu-toolchain/bin/../lib/gcc/avr/5.4.0/avr5\libgcc.a(_tablejump2.o)
 .data          0x00000000        0x0 c:/program files (x86)/atmel/studio/7.0/toolchain/avr8/avr8-gnu-toolchain/bin/../lib/gcc/avr/5.4.0/avr5\libgcc.a(_tablejump2.o)
 .bss           0x00000000        0x0 c:/program files (x86)/atmel/studio/7.0/toolchain/avr8/avr8-gnu-toolchain/bin/../lib/gcc/avr/5.4.0/avr5\libgcc.a(_tablejump2.o)
 .text.libgcc.mul
                0x00000000        0x0 c:/program files (x86)/atmel/studio/7.0/toolchain/avr8/avr8-gnu-toolchain/bin/../lib/gcc/avr/5.4.0/avr5\libgcc.a(_tablejump2.o)
 .text.libgcc.div
                0x00000000        0x0 c:/program files (x86)/atmel/studio/7.0/toolchain/avr8/avr8-gnu-toolchain/bin/../lib/gcc/avr/5.4.0/avr5\libgcc.a(_tablejump2.o)
 .text.libgcc.prologue
                0x00000000        0x0 c:/program files (x86)/atmel/studio/7.0/toolchain/avr8/avr8-gnu-toolchain/bin/../lib/gcc/avr/5.4.0/avr5\libgcc.a(_tablejump2.o)
 .text.libgcc.builtins
                0x00000000        0x0 c:/program files (x86)/atmel/studio/7.0/toolchain/avr8/avr8-gnu-toolchain/bin/../lib/gcc/avr/5.4.0/avr5\libgcc.a(_tablejump2.o)
 .text.libgcc.fmul
                0x00000000        0x0 c:/program files (x86)/atmel/studio/7.0/toolchain/avr8/avr8-gnu-toolchain/bin/../lib/gcc/avr/5.4.0/avr5\libgcc.a(_tablejump2.o)
 .text.libgcc.fixed
                0x00000000        0x0 c:/program files (x86)/atmel/studio/7.0/toolchain/avr8/avr8-gnu-toolchain/bin/../lib/gcc/avr/5.4.0/avr5\libgcc.a(_tablejump2.o)
 .text          0x00000000        0x0 c:/program files (x86)/atmel/studio/7.0/toolchain/avr8/avr8-gnu-toolchain/bin/../lib/gcc/avr/5.4.0/avr5\libgcc.a(_copy_data.o)
 .data          0x00000000        0x0 c:/program files (x86)/atmel/studio/7.0/toolchain/avr8/avr8-gnu-toolchain/bin/../lib/gcc/avr/5.4.0/avr5\libgcc.a(_copy_data.o)
 .bss           0x00000000        0x0 c:/program files (x86)/atmel/studio/7.0/toolchain/avr8/avr8-gnu-toolchain/bin/../lib/gcc/avr/5.4.0/avr5\libgcc.a(_copy_data.o)
 .text.libgcc.mul
                0x00000000        0x0 c:/program files (x86)/atmel/studio/7.0/toolchain/avr8/avr8-gnu-toolchain/bin/../lib/gcc/avr/5.4.0/avr5\libgcc.a(_copy_data.o)
 .text.libgcc.div
                0x00000000        0x0 c:/program files (x86)/atmel/studio/7.0/toolchain/avr8/avr8-gnu-toolchain/bin/../lib/gcc/avr/5.4.0/avr5\libgcc.a(_copy_data.o)
 .text.libgcc   0x00000000        0x0 c:/program files (x86)/atmel/studio/7.0/toolchain/avr8/avr8-gnu-toolchain/bin/../lib/gcc/avr/5.4.0/avr5\libgcc.a(_copy_data.o)
 .text.libgcc.prologue
                0x00000000        0x0 c:/program files (x86)/atmel/studio/7.0/toolchain/avr8/avr8-gnu-toolchain/bin/../lib/gcc/avr/5.4.0/avr5\libgcc.a(_copy_data.o)
 .text.libgcc.builtins
                0x00000000        0x0 c:/program files (x86)/atmel/studio/7.0/toolchain/avr8/avr8-gnu-toolchain/bin/../lib/gcc/avr/5.4.0/avr5\libgcc.a(_copy_data.o)
 .text.libgcc.fmul
                0x00000000        0x0 c:/program files (x86)/atmel/studio/7.0/toolchain/avr8/avr8-gnu-toolchain/bin/../lib/gcc/avr/5.4.0/avr5\libgcc.a(_copy_data.o)
 .text.libgcc.fixed
                0x00000000        0x0 c:/program files (x86)/atmel/studio/7.0/toolchain/avr8/avr8-gnu-toolchain/bin/../lib/gcc/avr/5.4.0/avr5\libgcc.a(_copy_data.o)
 .text          0x00000000        0x0 c:/program files (x86)/atmel/studio/7.0/toolchain/avr8/avr8-gnu-toolchain/bin/../lib/gcc/avr/5.4.0/avr5\libgcc.a(_clear_bss.o)
 .data          0x00000000        0x0 c:/program files (x86)/atmel/studio/7.0/toolchain/avr8/avr8-gnu-toolchain/bin/../lib/gcc/avr/5.4.0/avr5\libgcc.a(_clear_bss.o)
 .bss           0x00000000        0x0 c:/program files (x86)/atmel/studio/7.0/toolchain/avr8/avr8-gnu-toolchain/bin/../lib/gcc/avr/5.4.0/avr5\libgcc.a(_clear_bss.o)
 .text.libgcc.mul
                0x00000000        0x0 c:/program files (x86)/atmel/studio/7.0/toolchain/avr8/avr8-gnu-toolchain/bin/../lib/gcc/avr/5.4.0/avr5\libgcc.a(_clear_bss.o)
 .text.libgcc.div
                0x00000000        0x0 c:/program files (x86)/atmel/studio/7.0/toolchain/avr8/avr8-gnu-toolchain/bin/../lib/gcc/avr/5.4.0/avr5\libgcc.a(_clear_bss.o)
 .text.libgcc   0x00000000        0x0 c:/program files (x86)/atmel/studio/7.0/toolchain/avr8/avr8-gnu-toolchain/bin/../lib/gcc/avr/5.4.0/avr5\libgcc.a(_clear_bss.o)
 .text.libgcc.prologue
                0x00000000        0x0 c:/program files (x86)/atmel/studio/7.0/toolchain/avr8/avr8-gnu-toolchain/bin/../lib/gcc/avr/5.4.0/avr5\libgcc.a(_clear_bss.o)
 .text.libgcc.builtins
                0x00000000        0x0 c:/program files (x86)/atmel/studio/7.0/toolchain/avr8/avr8-gnu-toolchain/bin/../lib/gcc/avr/5.4.0/avr5\libgcc.a(_clear_bss.o)
 .text.libgcc.fmul
                0x00000000        0x0 c:/program files (x86)/atmel/studio/7.0/toolchain/avr8/avr8-gnu-toolchain/bin/../lib/gcc/avr/5.4.0/avr5\libgcc.a(_clear_bss.o)
 .text.libgcc.fixed
                0x00000000        0x0 c:/program files (x86)/atmel/studio/7.0/toolchain/avr8/avr8-gnu-toolchain/bin/../lib/gcc/avr/5.4.0/avr5\libgcc.a(_clear_bss.o)
 .text          0x00000000        0x0 c:/program files (x86)/atmel/studio/7.0/toolchain/avr8/avr8-gnu-toolchain/bin/../lib/gcc/avr/5.4.0/avr5\libgcc.a(_muluhisi3.o)
 .data          0x00000000        0x0 c:/program files (x86)/atmel/studio/7.0/toolchain/avr8/avr8-gnu-toolchain/bin/../lib/gcc/avr/5.4.0/avr5\libgcc.a(_muluhisi3.o)
 .bss           0x00000000        0x0 c:/program files (x86)/atmel/studio/7.0/toolchain/avr8/avr8-gnu-toolchain/bin/../lib/gcc/avr/5.4.0/avr5\libgcc.a(_muluhisi3.o)
 .text.libgcc.div
                0x00000000        0x0 c:/program files (x86)/atmel/studio/7.0/toolchain/avr8/avr8-gnu-toolchain/bin/../lib/gcc/avr/5.4.0/avr5\libgcc.a(_muluhisi3.o)
 .text.libgcc   0x00000000        0x0 c:/program files (x86)/atmel/studio/7.0/toolchain/avr8/avr8-gnu-toolchain/bin/../lib/gcc/avr/5.4.0/avr5\libgcc.a(_muluhisi3.o)
 .text.libgcc.prologue
                0x00000000        0x0 c:/program files (x86)/atmel/studio/7.0/toolchain/avr8/avr8-gnu-toolchain/bin/../lib/gcc/avr/5.4.0/avr5\libgcc.a(_muluhisi3.o)
 .text.libgcc.builtins
                0x00000000        0x0 c:/program files (x86)/atmel/studio/7.0/toolchain/avr8/avr8-gnu-toolchain/bin/../lib/gcc/avr/5.4.0/avr5\libgcc.a(_muluhisi3.o)
 .text.libgcc.fmul
                0x00000000        0x0 c:/program files (x86)/atmel/studio/7.0/toolchain/avr8/avr8-gnu-toolchain/bin/../lib/gcc/avr/5.4.0/avr5\libgcc.a(_muluhisi3.o)
 .text.libgcc.fixed
                0x00000000        0x0 c:/program files (x86)/atmel/studio/7.0/toolchain/avr8/avr8-gnu-toolchain/bin/../lib/gcc/avr/5.4.0/avr5\libgcc.a(_muluhisi3.o)
 .text          0x00000000        0x0 c:/program files (x86)/atmel/studio/7.0/toolchain/avr8/avr8-gnu-toolchain/bin/../lib/gcc/avr/5.4.0/avr5\libgcc.a(_udivmodhi4.o)
 .data          0x00000000        0x0 c:/program files (x86)/atmel/studio/7.0/toolchain/avr8/avr8-gnu-toolchain/bin/../lib/gcc/avr/5.4.0/avr5\libgcc.a(_udivmodhi4.o)
 .bss           0x00000000        0x0 c:/program files (x86)/atmel/studio/7.0/toolchain/avr8/avr8-gnu-toolchain/bin/../lib/gcc/avr/5.4.0/avr5\libgcc.a(_udivmodhi4.o)
 .text.libgcc.mul
                0x00000000        0x0 c:/program files (x86)/atmel/studio/7.0/toolchain/avr8/avr8-gnu-toolchain/bin/../lib/gcc/avr/5.4.0/avr5\libgcc.a(_udivmodhi4.o)
 .text.libgcc.div
                0x00000000       0x28 c:/program files (x86)/atmel/studio/7.0/toolchain/avr8/avr8-gnu-toolchain/bin/../lib/gcc/avr/5.4.0/avr5\libgcc.a(_udivmodhi4.o)
 .text.libgcc   0x00000000        0x0 c:/program files (x86)/atmel/studio/7.0/toolchain/avr8/avr8-gnu-toolchain/bin/../lib/gcc/avr/5.4.0/avr5\libgcc.a(_udivmodhi4.o)
 .text.libgcc.prologue
                0x00000000        0x0 c:/program files (x86)/atmel/studio/7.0/toolchain/avr8/avr8-gnu-toolchain/bin/../lib/gcc/avr/5.4.0/avr5\libgcc.a(_udivmodhi4.o)
 .text.libgcc.builtins
                0x00000000        0x0 c:/program files (x86)/atmel/studio/7.0/toolchain/avr8/avr8-gnu-toolchain/bin/../lib/gcc/avr/5.4.0/avr5\libgcc.a(_udivmodhi4.o)
 .text.libgcc.fmul
                0x00000000        0x0 c:/program files (x86)/atmel/studio/7.0/toolchain/avr8/avr8-gnu-toolchain/bin/../lib/gcc/avr/5.4.0/avr5\libgcc.a(_udivmodhi4.o)
 .text.libgcc.fixed
                0x00000000        0x0 c:/program files (x86)/atmel/studio/7.0/toolchain/avr8/avr8-gnu-toolchain/bin/../lib/gcc/avr/5.4.0/avr5\libgcc.a(_udivmodhi4.o)
 .text          0x00000000        0x0 c:/program files (x86)/atmel/studio/7.0/toolchain/avr8/avr8-gnu-toolchain/bin/../lib/gcc/avr/5.4.0/avr5\libgcc.a(_umulhisi3.o)
 .data          0x00000000        0x0 c:/program files (x86)/atmel/studio/7.0/toolchain/avr8/avr8-gnu-toolchain/bin/../lib/gcc/avr/5.4.0/avr5\libgcc.a(_umulhisi3.o)
 .bss           0x00000000        0x0 c:/program files (x86)/atmel/studio/7.0/toolchain/avr8/avr8-gnu-toolchain/bin/../lib/gcc/avr/5.4.0/avr5\libgcc.a(_umulhisi3.o)
 .text.libgcc.div
                0x00000000        0x0 c:/program files (x86)/atmel/studio/7.0/toolchain/avr8/avr8-gnu-toolchain/bin/../lib/gcc/avr/5.4.0/avr5\libgcc.a(_umulhisi3.o)
 .text.libgcc   0x00000000        0x0 c:/program files (x86)/atmel/studio/7.0/toolchain/avr8/avr8-gnu-toolchain/bin/../lib/gcc/avr/5.4.0/avr5\libgcc.a(_umulhisi3.o)
 .text.libgcc.prologue
                0x00000000        0x0 c:/program files (x86)/atmel/studio/7.0/toolchain/avr8/avr8-gnu-toolchain/bin/../lib/gcc/avr/5.4.0/avr5\libgcc.a(_umulhisi3.o)
 .text.libgcc.builtins
                0x00000000        0x0 c:/program files (x86)/atmel/studio/7.0/toolchain/avr8/avr8-gnu-toolchain/bin/../lib/gcc/avr/5.4.0/avr5\libgcc.a(_umulhisi3.o)
 .text.libgcc.fmul
                0x00000000        0x0 c:/program files (x86)/atmel/studio/7.0/toolchain/avr8/avr8-gnu-toolchain/bin/../lib/gcc/avr/5.4.0/avr5\libgcc.a(_umulhisi3.o)
 .text.libgcc.fixed
                0x00000000        0x0 c:/program files (x86)/atmel/studio/7.0/toolchain/avr8/avr8-gnu-toolchain/bin/../lib/gcc/avr/5.4.0/avr5\libgcc.a(_umulhisi3.o)

Memory Configuration

Name             Origin             Length             Attributes
text             0x00000000         0x00020000         xr
data             0x00800060         0x0000ffa0         rw !x
eeprom           0x00810000         0x00010000         rw !x
fuse             0x00820000         0x00000002         rw !x
lock             0x00830000         0x00000400         rw !x
signature        0x00840000         0x00000400         rw !x
user_signatures  0x00850000         0x00000400         rw !x
*default*        0x00000000         0xffffffff

Linker script and memory map

LOAD C:/Program Files (x86)/Atmel/Studio/7.0/Packs/atmel/ATmega_DFP/1.3.300/gcc/dev/atmega32/avr5/crtatmega32.o
LOAD Application/Application.o
LOAD COMMON/SoftwareDelay.o
LOAD main.o
LOAD MCAL/DIO/DIO.o
LOAD MCAL/Sleep/Sleep.o
LOAD MCAL/SPI/SPI.o
LOAD MCAL/Timer/Timer.o
LOAD MCAL/UART/UART.o
LOAD ServiceLayer/BCM.o
LOAD ServiceLayer/BCM_lcfg.o
LOAD ServiceLayer/TMU.o
LOAD ServiceLayer/TMU_lcfg.o
START GROUP
LOAD c:/program files (x86)/atmel/studio/7.0/toolchain/avr8/avr8-gnu-toolchain/bin/../lib/gcc/avr/5.4.0/../../../../avr/lib/avr5\libm.a
END GROUP
START GROUP
LOAD c:/program files (x86)/atmel/studio/7.0/toolchain/avr8/avr8-gnu-toolchain/bin/../lib/gcc/avr/5.4.0/avr5\libgcc.a
LOAD c:/program files (x86)/atmel/studio/7.0/toolchain/avr8/avr8-gnu-toolchain/bin/../lib/gcc/avr/5.4.0/../../../../avr/lib/avr5\libm.a
LOAD c:/program files (x86)/atmel/studio/7.0/toolchain/avr8/avr8-gnu-toolchain/bin/../lib/gcc/avr/5.4.0/../../../../avr/lib/avr5\libc.a
LOAD C:/Program Files (x86)/Atmel/Studio/7.0/Packs/atmel/ATmega_DFP/1.3.300/gcc/dev/atmega32/avr5\libatmega32.a
END GROUP
                0x00000000                __TEXT_REGION_ORIGIN__ = DEFINED (__TEXT_REGION_ORIGIN__)?__TEXT_REGION_ORIGIN__:0x0
                0x00800060                __DATA_REGION_ORIGIN__ = DEFINED (__DATA_REGION_ORIGIN__)?__DATA_REGION_ORIGIN__:0x800060
                0x00020000                __TEXT_REGION_LENGTH__ = DEFINED (__TEXT_REGION_LENGTH__)?__TEXT_REGION_LENGTH__:0x20000
                0x0000ffa0                __DATA_REGION_LENGTH__ = DEFINED (__DATA_REGION_LENGTH__)?__DATA_REGION_LENGTH__:0xffa0
                0x00010000                __EEPROM_REGION_LENGTH__ = DEFINED (__EEPROM_REGION_LENGTH__)?__EEPROM_REGION_LENGTH__:0x10000
                [0x00000002]                __FUSE_REGION_LENGTH__ = DEFINED (__FUSE_REGION_LENGTH__)?__FUSE_REGION_LENGTH__:0x400
                0x00000400                __LOCK_REGION_LENGTH__ = DEFINED (__LOCK_REGION_LENGTH__)?__LOCK_REGION_LENGTH__:0x400
                0x00000400                __SIGNATURE_REGION_LENGTH__ = DEFINED (__SIGNATURE_REGION_LENGTH__)?__SIGNATURE_REGION_LENGTH__:0x400
                0x00000400                __USER_SIGNATURE_REGION_LENGTH__ = DEFINED (__USER_SIGNATURE_REGION_LENGTH__)?__USER_SIGNATURE_REGION_LENGTH__:0x400

.hash
 *(.hash)

.dynsym
 *(.dynsym)

.dynstr
 *(.dynstr)

.gnu.version
 *(.gnu.version)

.gnu.version_d
 *(.gnu.version_d)

.gnu.version_r
 *(.gnu.version_r)

.rel.init
 *(.rel.init)

.rela.init
 *(.rela.init)

.rel.text
 *(.rel.text)
 *(.rel.text.*)
 *(.rel.gnu.linkonce.t*)

.rela.text
 *(.rela.text)
 *(.rela.text.*)
 *(.rela.gnu.linkonce.t*)

.rel.fini
 *(.rel.fini)

.rela.fini
 *(.rela.fini)

.rel.rodata
 *(.rel.rodata)
 *(.rel.rodata.*)
 *(.rel.gnu.linkonce.r*)

.rela.rodata
 *(.rela.rodata)
 *(.rela.rodata.*)
 *(.rela.gnu.linkonce.r*)

.rel.data
 *(.rel.data)
 *(.rel.data.*)
 *(.rel.gnu.linkonce.d*)

.rela.data
 *(.rela.data)
 *(.rela.data.*)
 *(.rela.gnu.linkonce.d*)

.rel.ctors
 *(.rel.ctors)

.rela.ctors
 *(.rela.ctors)

.rel.dtors
 *(.rel.dtors)

.rela.dtors
 *(.rela.dtors)

.rel.got
 *(.rel.got)

.rela.got
 *(.rela.got)

.rel.bss
 *(.rel.bss)

.rela.bss
 *(.rela.bss)

.rel.plt
 *(.rel.plt)

.rela.plt
 *(.rela.plt)

.text           0x00000000      0xf92
 *(.vectors)
 .vectors       0x00000000       0x54 C:/Program Files (x86)/Atmel/Studio/7.0/Packs/atmel/ATmega_DFP/1.3.300/gcc/dev/atmega32/avr5/crtatmega32.o
                0x00000000                __vector_default
                0x00000000                __vectors
 *(.vectors)
 *(.progmem.gcc*)
 .progmem.gcc_sw_table.Timer_Init
                0x00000054        0xe MCAL/Timer/Timer.o
                0x00000062                . = ALIGN (0x2)
                0x00000062                __trampolines_start = .
 *(.trampolines)
 .trampolines   0x00000062        0x0 linker stubs
 *(.trampolines*)
                0x00000062                __trampolines_end = .
 *libprintf_flt.a:*(.progmem.data)
 *libc.a:*(.progmem.data)
 *(.progmem*)
                0x00000062                . = ALIGN (0x2)
 *(.jumptables)
 *(.jumptables*)
 *(.lowtext)
 *(.lowtext*)
                0x00000062                __ctors_start = .
 *(.ctors)
                0x00000062                __ctors_end = .
                0x00000062                __dtors_start = .
 *(.dtors)
                0x00000062                __dtors_end = .
 SORT(*)(.ctors)
 SORT(*)(.dtors)
 *(.init0)
 .init0         0x00000062        0x0 C:/Program Files (x86)/Atmel/Studio/7.0/Packs/atmel/ATmega_DFP/1.3.300/gcc/dev/atmega32/avr5/crtatmega32.o
                0x00000062                __init
 *(.init0)
 *(.init1)
 *(.init1)
 *(.init2)
 .init2         0x00000062        0xc C:/Program Files (x86)/Atmel/Studio/7.0/Packs/atmel/ATmega_DFP/1.3.300/gcc/dev/atmega32/avr5/crtatmega32.o
 *(.init2)
 *(.init3)
 *(.init3)
 *(.init4)
 .init4         0x0000006e       0x16 c:/program files (x86)/atmel/studio/7.0/toolchain/avr8/avr8-gnu-toolchain/bin/../lib/gcc/avr/5.4.0/avr5\libgcc.a(_copy_data.o)
                0x0000006e                __do_copy_data
 .init4         0x00000084       0x10 c:/program files (x86)/atmel/studio/7.0/toolchain/avr8/avr8-gnu-toolchain/bin/../lib/gcc/avr/5.4.0/avr5\libgcc.a(_clear_bss.o)
                0x00000084                __do_clear_bss
 *(.init4)
 *(.init5)
 *(.init5)
 *(.init6)
 *(.init6)
 *(.init7)
 *(.init7)
 *(.init8)
 *(.init8)
 *(.init9)
 .init9         0x00000094        0x8 C:/Program Files (x86)/Atmel/Studio/7.0/Packs/atmel/ATmega_DFP/1.3.300/gcc/dev/atmega32/avr5/crtatmega32.o
 *(.init9)
 *(.text)
 .text          0x0000009c        0x4 C:/Program Files (x86)/Atmel/Studio/7.0/Packs/atmel/ATmega_DFP/1.3.300/gcc/dev/atmega32/avr5/crtatmega32.o
                0x0000009c                __vector_1
                0x0000009c                __bad_interrupt
                0x0000009c                __vector_6
                0x0000009c                __vector_3
                0x0000009c                __vector_17
                0x0000009c                __vector_19
                0x0000009c                __vector_7
                0x0000009c                __vector_4
                0x0000009c                __vector_2
                0x0000009c                __vector_8
                0x0000009c                __vector_10
                0x0000009c                __vector_16
                0x0000009c                __vector_18
                0x0000009c                __vector_20
                0x000000a0                . = ALIGN (0x2)
 *(.text.*)
 .text.a7a      0x000000a0        0x6 main.o
                0x000000a0                a7a
 .text.cbk2.1798
                0x000000a6        0xa main.o
 .text.cbk1.1795
                0x000000b0        0xa main.o
 .text.main     0x000000ba       0x94 main.o
                0x000000ba                main
 .text.DIO_init
                0x0000014e       0xba MCAL/DIO/DIO.o
                0x0000014e                DIO_init
 .text.DIO_Toggle
                0x00000208       0x3c MCAL/DIO/DIO.o
                0x00000208                DIO_Toggle
 .text.Sleep_Init
                0x00000244        0xa MCAL/Sleep/Sleep.o
                0x00000244                Sleep_Init
 .text.Sleep_Start
                0x0000024e       0x54 MCAL/Sleep/Sleep.o
                0x0000024e                Sleep_Start
 .text.__vector_12
                0x000002a2       0x4e MCAL/SPI/SPI.o
                0x000002a2                __vector_12
 .text.Timer_Init
                0x000002f0      0x1fa MCAL/Timer/Timer.o
                0x000002f0                Timer_Init
 .text.Timer_Start
                0x000004ea       0x46 MCAL/Timer/Timer.o
                0x000004ea                Timer_Start
 .text.__vector_11
                0x00000530       0x52 MCAL/Timer/Timer.o
                0x00000530                __vector_11
 .text.__vector_9
                0x00000582       0x52 MCAL/Timer/Timer.o
                0x00000582                __vector_9
 .text.__vector_5
                0x000005d4       0x52 MCAL/Timer/Timer.o
                0x000005d4                __vector_5
 .text.__vector_15
                0x00000626       0x52 MCAL/UART/UART.o
                0x00000626                __vector_15
 .text.__vector_13
                0x00000678       0x52 MCAL/UART/UART.o
                0x00000678                __vector_13
 .text.__vector_14
                0x000006ca       0x52 MCAL/UART/UART.o
                0x000006ca                __vector_14
 .text.UART_Init
                0x0000071c      0x20e MCAL/UART/UART.o
                0x0000071c                UART_Init
 .text.UART_ReceiveByte
                0x0000092a       0x26 MCAL/UART/UART.o
                0x0000092a                UART_ReceiveByte
 .text.BCM_TX_CBK
                0x00000950       0x10 ServiceLayer/BCM.o
                0x00000950                BCM_TX_CBK
 .text.BCM_RX_CBK
                0x00000960       0x10 ServiceLayer/BCM.o
                0x00000960                BCM_RX_CBK
 .text.BCM_Init
                0x00000970       0xde ServiceLayer/BCM.o
                0x00000970                BCM_Init
 .text.BCM_Setup_Receive
                0x00000a4e       0x60 ServiceLayer/BCM.o
                0x00000a4e                BCM_Setup_Receive
 .text.BCM_RxDispatcher
                0x00000aae      0x168 ServiceLayer/BCM.o
                0x00000aae                BCM_RxDispatcher
 .text.gfu_TimerFlag_CBK
                0x00000c16       0x2a ServiceLayer/TMU.o
                0x00000c16                gfu_TimerFlag_CBK
 .text.TMU_Init
                0x00000c40       0x5e ServiceLayer/TMU.o
                0x00000c40                TMU_Init
 .text.TMU_Start
                0x00000c9e       0xc6 ServiceLayer/TMU.o
                0x00000c9e                TMU_Start
 .text.Tmu_Stop
                0x00000d64       0x9a ServiceLayer/TMU.o
                0x00000d64                Tmu_Stop
 .text.TMU_Dispatcher
                0x00000dfe       0xec ServiceLayer/TMU.o
                0x00000dfe                TMU_Dispatcher
 .text.libgcc.mul
                0x00000eea       0x20 c:/program files (x86)/atmel/studio/7.0/toolchain/avr8/avr8-gnu-toolchain/bin/../lib/gcc/avr/5.4.0/avr5\libgcc.a(_mulsi3.o)
                0x00000eea                __mulsi3
 .text.libgcc.div
                0x00000f0a       0x44 c:/program files (x86)/atmel/studio/7.0/toolchain/avr8/avr8-gnu-toolchain/bin/../lib/gcc/avr/5.4.0/avr5\libgcc.a(_udivmodsi4.o)
                0x00000f0a                __udivmodsi4
 .text.libgcc   0x00000f4e        0xc c:/program files (x86)/atmel/studio/7.0/toolchain/avr8/avr8-gnu-toolchain/bin/../lib/gcc/avr/5.4.0/avr5\libgcc.a(_tablejump2.o)
                0x00000f4e                __tablejump2__
 .text.libgcc.mul
                0x00000f5a       0x16 c:/program files (x86)/atmel/studio/7.0/toolchain/avr8/avr8-gnu-toolchain/bin/../lib/gcc/avr/5.4.0/avr5\libgcc.a(_muluhisi3.o)
                0x00000f5a                __muluhisi3
 .text.libgcc.mul
                0x00000f70       0x1e c:/program files (x86)/atmel/studio/7.0/toolchain/avr8/avr8-gnu-toolchain/bin/../lib/gcc/avr/5.4.0/avr5\libgcc.a(_umulhisi3.o)
                0x00000f70                __umulhisi3
                0x00000f8e                . = ALIGN (0x2)
 *(.fini9)
 .fini9         0x00000f8e        0x0 c:/program files (x86)/atmel/studio/7.0/toolchain/avr8/avr8-gnu-toolchain/bin/../lib/gcc/avr/5.4.0/avr5\libgcc.a(_exit.o)
                0x00000f8e                _exit
                0x00000f8e                exit
 *(.fini9)
 *(.fini8)
 *(.fini8)
 *(.fini7)
 *(.fini7)
 *(.fini6)
 *(.fini6)
 *(.fini5)
 *(.fini5)
 *(.fini4)
 *(.fini4)
 *(.fini3)
 *(.fini3)
 *(.fini2)
 *(.fini2)
 *(.fini1)
 *(.fini1)
 *(.fini0)
 .fini0         0x00000f8e        0x4 c:/program files (x86)/atmel/studio/7.0/toolchain/avr8/avr8-gnu-toolchain/bin/../lib/gcc/avr/5.4.0/avr5\libgcc.a(_exit.o)
 *(.fini0)
                0x00000f92                _etext = .

.data           0x00800060       0x14 load address 0x00000f92
                0x00800060                PROVIDE (__data_start, .)
 *(.data)
 *(.data*)
 .data.gu8_BCM_Init_Status
                0x00800060        0x1 ServiceLayer/BCM.o
                0x00800060                gu8_BCM_Init_Status
 .data.gstr_BCM_cfg
                0x00800061        0x2 ServiceLayer/BCM_lcfg.o
                0x00800061                gstr_BCM_cfg
 .data.gstr_TMU_Cfgs
                0x00800063        0x3 ServiceLayer/TMU_lcfg.o
                0x00800063                gstr_TMU_Cfgs
 *(.gnu.linkonce.d*)
 *(.rodata)
 .rodata        0x00800066        0xd main.o
 *(.rodata*)
 *(.gnu.linkonce.r*)
                0x00800074                . = ALIGN (0x2)
 *fill*         0x00800073        0x1 
                0x00800074                _edata = .
                0x00800074                PROVIDE (__data_end, .)

.bss            0x00800074       0x57
                0x00800074                PROVIDE (__bss_start, .)
 *(.bss)
 *(.bss*)
 .bss.CBK_SPI_Interrupt
                0x00800074        0x2 MCAL/SPI/SPI.o
                0x00800074                CBK_SPI_Interrupt
 .bss.sga_Timer2CBF
                0x00800076        0x2 MCAL/Timer/Timer.o
 .bss.sga_Timer1CBF
                0x00800078        0x2 MCAL/Timer/Timer.o
 .bss.sga_Timer0CBF
                0x0080007a        0x2 MCAL/Timer/Timer.o
 .bss.gsu8_TCCRT2_Prescaler
                0x0080007c        0x1 MCAL/Timer/Timer.o
 .bss.gsu16_TCCRT1_Prescaler
                0x0080007d        0x2 MCAL/Timer/Timer.o
 .bss.gsu8_TCCRT0_Prescaler
                0x0080007f        0x1 MCAL/Timer/Timer.o
 .bss.gaptr_uartInterrupt_CBF
                0x00800080        0x6 MCAL/UART/UART.o
                0x00800080                gaptr_uartInterrupt_CBF
 .bss.gua_Received_CheckSum
                0x00800086        0x1 ServiceLayer/BCM.o
                0x00800086                gua_Received_CheckSum
 .bss.gu8_RECEIVE_SM
                0x00800087        0x1 ServiceLayer/BCM.o
                0x00800087                gu8_RECEIVE_SM
 .bss.gs8_TMU_Init_State
                0x00800088        0x1 ServiceLayer/TMU.o
                0x00800088                gs8_TMU_Init_State
 .bss.gu8_Iteration
                0x00800089        0x1 ServiceLayer/TMU.o
                0x00800089                gu8_Iteration
 .bss.gu8_Session
                0x0080008a        0x1 ServiceLayer/TMU.o
                0x0080008a                gu8_Session
 .bss.gu8_index
                0x0080008b        0x1 ServiceLayer/TMU.o
                0x0080008b                gu8_index
 *(COMMON)
 COMMON         0x0080008c       0x2b ServiceLayer/BCM.o
                0x0080008c                gu8_SM_Tx
                0x0080008d                gstr_Buffer_Send_Info
                0x00800093                gu16_Buffer_Receive_Size
                0x00800095                gstr_UART_cfgs
                0x008000a5                gu8_Receive_ID
                0x008000a6                gstr_Buffer_Receive_Info
                0x008000ac                gstr_BCM_Send_info
                0x008000b1                gstr_BCM_Receive_info
                0x008000b6                gu8_SM_Rx
 COMMON         0x008000b7       0x14 ServiceLayer/TMU.o
                0x008000b7                gastr_TMU_TasksDataBase
                0x008000cb                PROVIDE (__bss_end, .)
                0x00000f92                __data_load_start = LOADADDR (.data)
                0x00000fa6                __data_load_end = (__data_load_start + SIZEOF (.data))

.noinit         0x008000cb        0x0
                [!provide]                PROVIDE (__noinit_start, .)
 *(.noinit*)
                [!provide]                PROVIDE (__noinit_end, .)
                0x008000cb                _end = .
                [!provide]                PROVIDE (__heap_start, .)

.eeprom         0x00810000        0x0
 *(.eeprom*)
                0x00810000                __eeprom_end = .

.fuse
 *(.fuse)
 *(.lfuse)
 *(.hfuse)
 *(.efuse)

.lock
 *(.lock*)

.signature
 *(.signature*)

.user_signatures
 *(.user_signatures*)

.stab
 *(.stab)

.stabstr
 *(.stabstr)

.stab.excl
 *(.stab.excl)

.stab.exclstr
 *(.stab.exclstr)

.stab.index
 *(.stab.index)

.stab.indexstr
 *(.stab.indexstr)

.comment        0x00000000       0x30
 *(.comment)
 .comment       0x00000000       0x30 main.o
                                 0x31 (size before relaxing)
 .comment       0x00000030       0x31 MCAL/DIO/DIO.o
 .comment       0x00000030       0x31 MCAL/Sleep/Sleep.o
 .comment       0x00000030       0x31 MCAL/SPI/SPI.o
 .comment       0x00000030       0x31 MCAL/Timer/Timer.o
 .comment       0x00000030       0x31 MCAL/UART/UART.o
 .comment       0x00000030       0x31 ServiceLayer/BCM.o
 .comment       0x00000030       0x31 ServiceLayer/BCM_lcfg.o
 .comment       0x00000030       0x31 ServiceLayer/TMU.o
 .comment       0x00000030       0x31 ServiceLayer/TMU_lcfg.o

.note.gnu.avr.deviceinfo
                0x00000000       0x3c
 .note.gnu.avr.deviceinfo
                0x00000000       0x3c C:/Program Files (x86)/Atmel/Studio/7.0/Packs/atmel/ATmega_DFP/1.3.300/gcc/dev/atmega32/avr5/crtatmega32.o

.note.gnu.build-id
 *(.note.gnu.build-id)

.debug
 *(.debug)

.line
 *(.line)

.debug_srcinfo
 *(.debug_srcinfo)

.debug_sfnames
 *(.debug_sfnames)

.debug_aranges  0x00000000      0x250
 *(.debug_aranges)
 .debug_aranges
                0x00000000       0x38 main.o
 .debug_aranges
                0x00000038       0x38 MCAL/DIO/DIO.o
 .debug_aranges
                0x00000070       0x28 MCAL/Sleep/Sleep.o
 .debug_aranges
                0x00000098       0x40 MCAL/SPI/SPI.o
 .debug_aranges
                0x000000d8       0x58 MCAL/Timer/Timer.o
 .debug_aranges
                0x00000130       0x50 MCAL/UART/UART.o
 .debug_aranges
                0x00000180       0x58 ServiceLayer/BCM.o
 .debug_aranges
                0x000001d8       0x18 ServiceLayer/BCM_lcfg.o
 .debug_aranges
                0x000001f0       0x48 ServiceLayer/TMU.o
 .debug_aranges
                0x00000238       0x18 ServiceLayer/TMU_lcfg.o

.debug_pubnames
 *(.debug_pubnames)

.debug_info     0x00000000     0x1f21
 *(.debug_info .gnu.linkonce.wi.*)
 .debug_info    0x00000000      0x4e6 C:/Program Files (x86)/Atmel/Studio/7.0/Packs/atmel/ATmega_DFP/1.3.300/gcc/dev/atmega32/avr5/crtatmega32.o
 .debug_info    0x000004e6      0x2f5 main.o
 .debug_info    0x000007db      0x1dd MCAL/DIO/DIO.o
 .debug_info    0x000009b8       0xd2 MCAL/Sleep/Sleep.o
 .debug_info    0x00000a8a      0x3e4 MCAL/SPI/SPI.o
 .debug_info    0x00000e6e      0x307 MCAL/Timer/Timer.o
 .debug_info    0x00001175      0x2ec MCAL/UART/UART.o
 .debug_info    0x00001461      0x5bb ServiceLayer/BCM.o
 .debug_info    0x00001a1c       0xaa ServiceLayer/BCM_lcfg.o
 .debug_info    0x00001ac6      0x3a6 ServiceLayer/TMU.o
 .debug_info    0x00001e6c       0xb5 ServiceLayer/TMU_lcfg.o

.debug_abbrev   0x00000000      0xfe5
 *(.debug_abbrev)
 .debug_abbrev  0x00000000      0x4a3 C:/Program Files (x86)/Atmel/Studio/7.0/Packs/atmel/ATmega_DFP/1.3.300/gcc/dev/atmega32/avr5/crtatmega32.o
 .debug_abbrev  0x000004a3      0x154 main.o
 .debug_abbrev  0x000005f7       0xd1 MCAL/DIO/DIO.o
 .debug_abbrev  0x000006c8       0x91 MCAL/Sleep/Sleep.o
 .debug_abbrev  0x00000759      0x174 MCAL/SPI/SPI.o
 .debug_abbrev  0x000008cd      0x101 MCAL/Timer/Timer.o
 .debug_abbrev  0x000009ce      0x19e MCAL/UART/UART.o
 .debug_abbrev  0x00000b6c      0x1f8 ServiceLayer/BCM.o
 .debug_abbrev  0x00000d64       0x60 ServiceLayer/BCM_lcfg.o
 .debug_abbrev  0x00000dc4      0x1c1 ServiceLayer/TMU.o
 .debug_abbrev  0x00000f85       0x60 ServiceLayer/TMU_lcfg.o

.debug_line     0x00000000     0x183b
 *(.debug_line .debug_line.* .debug_line_end)
 .debug_line    0x00000000      0x115 C:/Program Files (x86)/Atmel/Studio/7.0/Packs/atmel/ATmega_DFP/1.3.300/gcc/dev/atmega32/avr5/crtatmega32.o
 .debug_line    0x00000115      0x188 main.o
 .debug_line    0x0000029d      0x2c5 MCAL/DIO/DIO.o
 .debug_line    0x00000562       0xd8 MCAL/Sleep/Sleep.o
 .debug_line    0x0000063a      0x310 MCAL/SPI/SPI.o
 .debug_line    0x0000094a      0x3f8 MCAL/Timer/Timer.o
 .debug_line    0x00000d42      0x2a2 MCAL/UART/UART.o
 .debug_line    0x00000fe4      0x4c3 ServiceLayer/BCM.o
 .debug_line    0x000014a7       0x5f ServiceLayer/BCM_lcfg.o
 .debug_line    0x00001506      0x2d6 ServiceLayer/TMU.o
 .debug_line    0x000017dc       0x5f ServiceLayer/TMU_lcfg.o

.debug_frame    0x00000000      0x624
 *(.debug_frame)
 .debug_frame   0x00000000       0x64 main.o
 .debug_frame   0x00000064       0x54 MCAL/DIO/DIO.o
 .debug_frame   0x000000b8       0x34 MCAL/Sleep/Sleep.o
 .debug_frame   0x000000ec       0xd8 MCAL/SPI/SPI.o
 .debug_frame   0x000001c4      0x16c MCAL/Timer/Timer.o
 .debug_frame   0x00000330      0x1a0 MCAL/UART/UART.o
 .debug_frame   0x000004d0       0xa0 ServiceLayer/BCM.o
 .debug_frame   0x00000570       0xb4 ServiceLayer/TMU.o

.debug_str      0x00000000      0xbe7
 *(.debug_str)
 .debug_str     0x00000000      0x196 C:/Program Files (x86)/Atmel/Studio/7.0/Packs/atmel/ATmega_DFP/1.3.300/gcc/dev/atmega32/avr5/crtatmega32.o
 .debug_str     0x00000196      0x229 main.o
                                0x25d (size before relaxing)
 .debug_str     0x000003bf       0x56 MCAL/DIO/DIO.o
                                0x1d2 (size before relaxing)
 .debug_str     0x00000415       0x16 MCAL/Sleep/Sleep.o
                                0x1a3 (size before relaxing)
 .debug_str     0x0000042b      0x13d MCAL/SPI/SPI.o
                                0x2dd (size before relaxing)
 .debug_str     0x00000568      0x16f MCAL/Timer/Timer.o
                                0x2e5 (size before relaxing)
 .debug_str     0x000006d7      0x156 MCAL/UART/UART.o
                                0x307 (size before relaxing)
 .debug_str     0x0000082d      0x25e ServiceLayer/BCM.o
                                0x4e5 (size before relaxing)
 .debug_str     0x00000a8b       0x1b ServiceLayer/BCM_lcfg.o
                                0x1ae (size before relaxing)
 .debug_str     0x00000aa6      0x126 ServiceLayer/TMU.o
                                0x37b (size before relaxing)
 .debug_str     0x00000bcc       0x1b ServiceLayer/TMU_lcfg.o
                                0x1ba (size before relaxing)

.debug_loc      0x00000000     0x14ca
 *(.debug_loc)
 .debug_loc     0x00000000       0x47 main.o
 .debug_loc     0x00000047      0x4b9 MCAL/DIO/DIO.o
 .debug_loc     0x00000500       0xb7 MCAL/Sleep/Sleep.o
 .debug_loc     0x000005b7      0x293 MCAL/SPI/SPI.o
 .debug_loc     0x0000084a      0x4ab MCAL/Timer/Timer.o
 .debug_loc     0x00000cf5      0x3fe MCAL/UART/UART.o
 .debug_loc     0x000010f3      0x11a ServiceLayer/BCM.o
 .debug_loc     0x0000120d      0x2bd ServiceLayer/TMU.o

.debug_macinfo
 *(.debug_macinfo)

.debug_weaknames
 *(.debug_weaknames)

.debug_funcnames
 *(.debug_funcnames)

.debug_typenames
 *(.debug_typenames)

.debug_varnames
 *(.debug_varnames)

.debug_pubtypes
 *(.debug_pubtypes)

.debug_ranges   0x00000000      0x1a0
 *(.debug_ranges)
 .debug_ranges  0x00000000       0x28 main.o
 .debug_ranges  0x00000028       0x28 MCAL/DIO/DIO.o
 .debug_ranges  0x00000050       0x18 MCAL/Sleep/Sleep.o
 .debug_ranges  0x00000068       0x30 MCAL/SPI/SPI.o
 .debug_ranges  0x00000098       0x48 MCAL/Timer/Timer.o
 .debug_ranges  0x000000e0       0x40 MCAL/UART/UART.o
 .debug_ranges  0x00000120       0x48 ServiceLayer/BCM.o
 .debug_ranges  0x00000168       0x38 ServiceLayer/TMU.o

.debug_macro
 *(.debug_macro)
OUTPUT(BCM_Project.elf elf32-avr)
LOAD linker stubs
